
===== PROMPT 2026-09-07 07:34:56.190 q=почему Байкал самое глубокое озеро =====
--- system (390 chars) ---
Ты — полезный ассистент. Отвечай содержательно и на русском языке. Если не знаешь точно — напиши «не знаю» вместо догадок. Не повторяй одну и ту же мысль или слово.

Дай развёрнутый, законченный ответ объёмом примерно 400 слов (не обрывай на полуслове). Структурируй ответ в Markdown: короткие абзацы, при необходимости подзаголовки (##), маркированные списки и **жирным** выделяй ключевое.
--- msg[0] user (5235 chars) ---
Тебе даны выдержки из Википедии. Отвечай на их основе. Ответь коротко и по существу: 1–3 предложения, только то, о чём спрашивают. Не пересказывай выдержки, не добавляй посторонние факты и не нумеруй пункты, если вопрос не про перечень. Если вопрос требует сравнения двух и более вещей — до 5 предложений. Если в выдержках совсем нет нужной информации — скажи «не знаю по приведённым выдержкам». Отвечай на русском языке.

=== ВЫДЕРЖКИ ИЗ ВИКИ ===
=== Байкал ===
Карточка:
Страна: Россия
Абсолютная высота: 456—457 м
Размеры: 636 × 79,5 км
Площадь: 31 722 км²
Объём: 23 615,39 км³
Береговая линия: 2000 км
Наибольшая глубина: 1642 м
Средняя глубина: 744,4 м
Тип минерализации: Пресное
Солёность: 0,120 ‰
Прозрачность: 40 м
Площадь бассейна: 571 000 км²
Байкал Байка́л (бур. Байгал далай) — озеро тектонического происхождения в южной части Восточной Сибири площадью 31 722 км². Самое глубокое озеро на планете, крупнейший природный резервуар пресной воды и самое большое по площади пресноводное озеро Евразии. … Дно Байкала в самой глубокой его части на 1187 метров ниже уровня Мирового океана. … Глубины См. также: Список глубочайших озёр мира и Список глубочайших озёр России Байкал — самое глубокое озеро на Земле. … Если учесть, что водная гладь озера находится на высоте 456 м над уровнем моря, то нижняя точка котловины лежит на 1186 м ниже уровня мирового океана, что делает чашу Байкала также одной из самых глубоких материковых впадин. … Самый крупный из них — Ольхон (71 км в длину и 12 км в ширину, расположен почти в центре озера у его западного побережья, площадь — 729 км², по другим данным — 700 км²). … В частности, деятельность грязевых вулканов на дне озера позволяет учёным предполагать, что современной береговой линии Байкала всего лишь 8 тысяч лет, а глубоководной части — 150 тысяч лет.

=== Глубокое озеро ===
Глубокое озеро Глубо́кое о́зеро: Беларусь Глубокое озеро — озеро в Полоцком районе Витебской области. Россия Карелия Глубокое озеро — озеро в Кемском районе Республики Карелии. Глубокое — озеро в Лоухском районе Республики Карелии. Красноярский край Глубокое озеро — крупное озеро на севере Красноярского края, в 55 км к востоку от Норильска, бассейн Пясины. Другое название озера — Омук-Кюёль. Глубокое озеро — озеро на севере Красноярского края, на Лишнем острове в архипелаге Северная Земля. Координаты: 79°11′27″ с. ш. 103°21′00″ в. д.. Ленинградская область Глубокое озеро — одно из самых больших озёр на Карельском перешейке, в Выборгском районе Ленинградской области, бассейн реки Вуоксы. Глубокое озеро — озеро в Кингисеппском районе Ленинградской области, бассейн реки Хаболовки. Московская область Глубокое озеро — озеро в Рузском районе Московской области, бассейн Истры. Глубокое озеро — озеро в Шатурском районе на востоке Московской области. … См. также Глубокое (значения) Deep Lake (англ.) Байкал — самое глубокое озеро на Земле.

=== Самоа ===
Карточка:
Столица: Апиа
Валюта: самоанская тала
Часовой пояс: UTC+13
Дата независимости: 1 января 1962 года (от Новой Зеландии)
Официальные языки: самоанский и английский
Форма правления: парламентская республика
О ле Ао О ле Мало: Туималеалиифано Ваалетоа Суалауви
Премьер-министр: Лааули Леуатеа Шмидт
• Всего: 2832 км² (166-я в мире)
• % водной поверхности: 0,3
• Оценка: 205 557 чел. (176-е)
• Плотность: 70 чел./км²
Самоа Не следует путать с Американским Самоа — владением США в восточной части архипелага Самоа. Само́а (самоан. Sāmoa, англ. Samoa [səˈmoʊə]), официальное название — Незави́симое госуда́рство Само́а (самоан. Malo Sa’oloto Tuto’atasi o Samoa, англ. … Вершины на двух крупных островах прорезаны глубокими ущельями, в которых расположены широкие долины. … Самоа в XX веке 29 августа 1914 года новозеландский отряд численностью 1374 человека с целью захвата германской радиостанции высадился на Уполу. Не получив отпора от немцев, новозеландцы быстро овладели островами. … Приблизительно пятая часть населения Самоа умерла в результате эпидемии гриппа 1918—1919 годов — отчасти из-за того, что новозеландские власти не смогли обеспечить карантин. В начале 1920-х жители Западного Самоа основали патриотическую организацию «Мау» («Мнение») с лозунгом «Самоа для самоанцев», представлявшую собой ненасильственное народное движение против плохого обращения новозеландской администрации с народом Самоа.

=== Само ===
Карточка:
Дата рождения: не ранее 558 и не позднее 623
Дата смерти: 658
Место рождения: Санс, Франция
Рождение: не ранее 558 и не позднее 623 Санс, Франция или county of Sundgau
Деятельность: правительство
Само Са́мо (ум. в 658) — первый известный по имени славянский князь, основатель государства Само. Биография Согласно хронике Фредегара, Само был франкским торговцем из Сенонской области. Он возглавил восстание славян (венедов) против Аварского каганата, был избран королём (военным вождем) и, в итоге, выиграл войну. В хронике Фредегара это событие относится к 623 году. Гипотезу о франкском происхождении Само поддерживают не все источники. Так поздняя традиция, записанная в созданном около 870 года в Баварии тексте «Обращение баваров и хорутан» (лат. «Conversio Bagoariorum et Carantanorum»), называет Само славянином: «Во времена 

=== КОНЕЦ ВЫДЕРЖЕК ===

Вопрос: почему Байкал самое глубокое озеро
===== REPLY 2026-09-07 07:35:27.143 q=почему Байкал самое глубокое озеро 128tok 32748ms =====
Байкал считается самым глубоким озером мира, так как его самая глубокая точка находится на **1642 метра** ниже уровня моря. Это делает дно Байкала материковой впадиной глубже других известных геологических формаций (включая Марианскую/Филиппинский желобки). Его объём воды — 23 600 км³ — соответствует мировому рекам Миссисипи и Нилу вместе взятых за месяц.

===== PROMPT 2026-09-07 07:35:31.214 q=почему Байкал самое глубокое озеро =====
--- system (390 chars) ---
Ты — полезный ассистент. Отвечай содержательно и на русском языке. Если не знаешь точно — напиши «не знаю» вместо догадок. Не повторяй одну и ту же мысль или слово.

Дай развёрнутый, законченный ответ объёмом примерно 400 слов (не обрывай на полуслове). Структурируй ответ в Markdown: короткие абзацы, при необходимости подзаголовки (##), маркированные списки и **жирным** выделяй ключевое.
--- msg[0] user (34 chars) ---
почему Байкал самое глубокое озеро
--- msg[1] assistant (357 chars) ---
Байкал считается самым глубоким озером мира, так как его самая глубокая точка находится на **1642 метра** ниже уровня моря. Это делает дно Байкала материковой впадиной глубже других известных геологических формаций (включая Марианскую/Филиппинский желобки). Его объём воды — 23 600 км³ — соответствует мировому рекам Миссисипи и Нилу вместе взятых за месяц.
--- msg[2] user (5235 chars) ---
Тебе даны выдержки из Википедии. Отвечай на их основе. Ответь коротко и по существу: 1–3 предложения, только то, о чём спрашивают. Не пересказывай выдержки, не добавляй посторонние факты и не нумеруй пункты, если вопрос не про перечень. Если вопрос требует сравнения двух и более вещей — до 5 предложений. Если в выдержках совсем нет нужной информации — скажи «не знаю по приведённым выдержкам». Отвечай на русском языке.

=== ВЫДЕРЖКИ ИЗ ВИКИ ===
=== Байкал ===
Карточка:
Страна: Россия
Абсолютная высота: 456—457 м
Размеры: 636 × 79,5 км
Площадь: 31 722 км²
Объём: 23 615,39 км³
Береговая линия: 2000 км
Наибольшая глубина: 1642 м
Средняя глубина: 744,4 м
Тип минерализации: Пресное
Солёность: 0,120 ‰
Прозрачность: 40 м
Площадь бассейна: 571 000 км²
Байкал Байка́л (бур. Байгал далай) — озеро тектонического происхождения в южной части Восточной Сибири площадью 31 722 км². Самое глубокое озеро на планете, крупнейший природный резервуар пресной воды и самое большое по площади пресноводное озеро Евразии. … Дно Байкала в самой глубокой его части на 1187 метров ниже уровня Мирового океана. … Глубины См. также: Список глубочайших озёр мира и Список глубочайших озёр России Байкал — самое глубокое озеро на Земле. … Если учесть, что водная гладь озера находится на высоте 456 м над уровнем моря, то нижняя точка котловины лежит на 1186 м ниже уровня мирового океана, что делает чашу Байкала также одной из самых глубоких материковых впадин. … Самый крупный из них — Ольхон (71 км в длину и 12 км в ширину, расположен почти в центре озера у его западного побережья, площадь — 729 км², по другим данным — 700 км²). … В частности, деятельность грязевых вулканов на дне озера позволяет учёным предполагать, что современной береговой линии Байкала всего лишь 8 тысяч лет, а глубоководной части — 150 тысяч лет.

=== Глубокое озеро ===
Глубокое озеро Глубо́кое о́зеро: Беларусь Глубокое озеро — озеро в Полоцком районе Витебской области. Россия Карелия Глубокое озеро — озеро в Кемском районе Республики Карелии. Глубокое — озеро в Лоухском районе Республики Карелии. Красноярский край Глубокое озеро — крупное озеро на севере Красноярского края, в 55 км к востоку от Норильска, бассейн Пясины. Другое название озера — Омук-Кюёль. Глубокое озеро — озеро на севере Красноярского края, на Лишнем острове в архипелаге Северная Земля. Координаты: 79°11′27″ с. ш. 103°21′00″ в. д.. Ленинградская область Глубокое озеро — одно из самых больших озёр на Карельском перешейке, в Выборгском районе Ленинградской области, бассейн реки Вуоксы. Глубокое озеро — озеро в Кингисеппском районе Ленинградской области, бассейн реки Хаболовки. Московская область Глубокое озеро — озеро в Рузском районе Московской области, бассейн Истры. Глубокое озеро — озеро в Шатурском районе на востоке Московской области. … См. также Глубокое (значения) Deep Lake (англ.) Байкал — самое глубокое озеро на Земле.

=== Самоа ===
Карточка:
Столица: Апиа
Валюта: самоанская тала
Часовой пояс: UTC+13
Дата независимости: 1 января 1962 года (от Новой Зеландии)
Официальные языки: самоанский и английский
Форма правления: парламентская республика
О ле Ао О ле Мало: Туималеалиифано Ваалетоа Суалауви
Премьер-министр: Лааули Леуатеа Шмидт
• Всего: 2832 км² (166-я в мире)
• % водной поверхности: 0,3
• Оценка: 205 557 чел. (176-е)
• Плотность: 70 чел./км²
Самоа Не следует путать с Американским Самоа — владением США в восточной части архипелага Самоа. Само́а (самоан. Sāmoa, англ. Samoa [səˈmoʊə]), официальное название — Незави́симое госуда́рство Само́а (самоан. Malo Sa’oloto Tuto’atasi o Samoa, англ. … Вершины на двух крупных островах прорезаны глубокими ущельями, в которых расположены широкие долины. … Самоа в XX веке 29 августа 1914 года новозеландский отряд численностью 1374 человека с целью захвата германской радиостанции высадился на Уполу. Не получив отпора от немцев, новозеландцы быстро овладели островами. … Приблизительно пятая часть населения Самоа умерла в результате эпидемии гриппа 1918—1919 годов — отчасти из-за того, что новозеландские власти не смогли обеспечить карантин. В начале 1920-х жители Западного Самоа основали патриотическую организацию «Мау» («Мнение») с лозунгом «Самоа для самоанцев», представлявшую собой ненасильственное народное движение против плохого обращения новозеландской администрации с народом Самоа.

=== Само ===
Карточка:
Дата рождения: не ранее 558 и не позднее 623
Дата смерти: 658
Место рождения: Санс, Франция
Рождение: не ранее 558 и не позднее 623 Санс, Франция или county of Sundgau
Деятельность: правительство
Само Са́мо (ум. в 658) — первый известный по имени славянский князь, основатель государства Само. Биография Согласно хронике Фредегара, Само был франкским торговцем из Сенонской области. Он возглавил восстание славян (венедов) против Аварского каганата, был избран королём (военным вождем) и, в итоге, выиграл войну. В хронике Фредегара это событие относится к 623 году. Гипотезу о франкском происхождении Само поддерживают не все источники. Так поздняя традиция, записанная в созданном около 870 года в Баварии тексте «Обращение баваров и хорутан» (лат. «Conversio Bagoariorum et Carantanorum»), называет Само славянином: «Во времена 

=== КОНЕЦ ВЫДЕРЖЕК ===

Вопрос: почему Байкал самое глубокое озеро
===== REPLY 2026-09-07 07:35:52.528 q=почему Байкал самое глубокое озеро 93tok 22278ms =====
Байкал — самое глубокое озеро на Земле, так как его дно лежит **1642 м** ниже уровня Мирового океана. Это делает материковую впадину Байкала одной из самых глобальных по объёму (в 8 раз больше Марианского желоба) и природных формаций с пресной водой

===== PROMPT 2026-09-07 07:35:56.819 q=почему Байкал самое глубокое озеро =====
--- system (390 chars) ---
Ты — полезный ассистент. Отвечай содержательно и на русском языке. Если не знаешь точно — напиши «не знаю» вместо догадок. Не повторяй одну и ту же мысль или слово.

Дай развёрнутый, законченный ответ объёмом примерно 400 слов (не обрывай на полуслове). Структурируй ответ в Markdown: короткие абзацы, при необходимости подзаголовки (##), маркированные списки и **жирным** выделяй ключевое.
--- msg[0] user (34 chars) ---
почему Байкал самое глубокое озеро
--- msg[1] assistant (357 chars) ---
Байкал считается самым глубоким озером мира, так как его самая глубокая точка находится на **1642 метра** ниже уровня моря. Это делает дно Байкала материковой впадиной глубже других известных геологических формаций (включая Марианскую/Филиппинский желобки). Его объём воды — 23 600 км³ — соответствует мировому рекам Миссисипи и Нилу вместе взятых за месяц.
--- msg[2] user (34 chars) ---
почему Байкал самое глубокое озеро
--- msg[3] assistant (249 chars) ---
Байкал — самое глубокое озеро на Земле, так как его дно лежит **1642 м** ниже уровня Мирового океана. Это делает материковую впадину Байкала одной из самых глобальных по объёму (в 8 раз больше Марианского желоба) и природных формаций с пресной водой
--- msg[4] user (5235 chars) ---
Тебе даны выдержки из Википедии. Отвечай на их основе. Ответь коротко и по существу: 1–3 предложения, только то, о чём спрашивают. Не пересказывай выдержки, не добавляй посторонние факты и не нумеруй пункты, если вопрос не про перечень. Если вопрос требует сравнения двух и более вещей — до 5 предложений. Если в выдержках совсем нет нужной информации — скажи «не знаю по приведённым выдержкам». Отвечай на русском языке.

=== ВЫДЕРЖКИ ИЗ ВИКИ ===
=== Байкал ===
Карточка:
Страна: Россия
Абсолютная высота: 456—457 м
Размеры: 636 × 79,5 км
Площадь: 31 722 км²
Объём: 23 615,39 км³
Береговая линия: 2000 км
Наибольшая глубина: 1642 м
Средняя глубина: 744,4 м
Тип минерализации: Пресное
Солёность: 0,120 ‰
Прозрачность: 40 м
Площадь бассейна: 571 000 км²
Байкал Байка́л (бур. Байгал далай) — озеро тектонического происхождения в южной части Восточной Сибири площадью 31 722 км². Самое глубокое озеро на планете, крупнейший природный резервуар пресной воды и самое большое по площади пресноводное озеро Евразии. … Дно Байкала в самой глубокой его части на 1187 метров ниже уровня Мирового океана. … Глубины См. также: Список глубочайших озёр мира и Список глубочайших озёр России Байкал — самое глубокое озеро на Земле. … Если учесть, что водная гладь озера находится на высоте 456 м над уровнем моря, то нижняя точка котловины лежит на 1186 м ниже уровня мирового океана, что делает чашу Байкала также одной из самых глубоких материковых впадин. … Самый крупный из них — Ольхон (71 км в длину и 12 км в ширину, расположен почти в центре озера у его западного побережья, площадь — 729 км², по другим данным — 700 км²). … В частности, деятельность грязевых вулканов на дне озера позволяет учёным предполагать, что современной береговой линии Байкала всего лишь 8 тысяч лет, а глубоководной части — 150 тысяч лет.

=== Глубокое озеро ===
Глубокое озеро Глубо́кое о́зеро: Беларусь Глубокое озеро — озеро в Полоцком районе Витебской области. Россия Карелия Глубокое озеро — озеро в Кемском районе Республики Карелии. Глубокое — озеро в Лоухском районе Республики Карелии. Красноярский край Глубокое озеро — крупное озеро на севере Красноярского края, в 55 км к востоку от Норильска, бассейн Пясины. Другое название озера — Омук-Кюёль. Глубокое озеро — озеро на севере Красноярского края, на Лишнем острове в архипелаге Северная Земля. Координаты: 79°11′27″ с. ш. 103°21′00″ в. д.. Ленинградская область Глубокое озеро — одно из самых больших озёр на Карельском перешейке, в Выборгском районе Ленинградской области, бассейн реки Вуоксы. Глубокое озеро — озеро в Кингисеппском районе Ленинградской области, бассейн реки Хаболовки. Московская область Глубокое озеро — озеро в Рузском районе Московской области, бассейн Истры. Глубокое озеро — озеро в Шатурском районе на востоке Московской области. … См. также Глубокое (значения) Deep Lake (англ.) Байкал — самое глубокое озеро на Земле.

=== Самоа ===
Карточка:
Столица: Апиа
Валюта: самоанская тала
Часовой пояс: UTC+13
Дата независимости: 1 января 1962 года (от Новой Зеландии)
Официальные языки: самоанский и английский
Форма правления: парламентская республика
О ле Ао О ле Мало: Туималеалиифано Ваалетоа Суалауви
Премьер-министр: Лааули Леуатеа Шмидт
• Всего: 2832 км² (166-я в мире)
• % водной поверхности: 0,3
• Оценка: 205 557 чел. (176-е)
• Плотность: 70 чел./км²
Самоа Не следует путать с Американским Самоа — владением США в восточной части архипелага Самоа. Само́а (самоан. Sāmoa, англ. Samoa [səˈmoʊə]), официальное название — Незави́симое госуда́рство Само́а (самоан. Malo Sa’oloto Tuto’atasi o Samoa, англ. … Вершины на двух крупных островах прорезаны глубокими ущельями, в которых расположены широкие долины. … Самоа в XX веке 29 августа 1914 года новозеландский отряд численностью 1374 человека с целью захвата германской радиостанции высадился на Уполу. Не получив отпора от немцев, новозеландцы быстро овладели островами. … Приблизительно пятая часть населения Самоа умерла в результате эпидемии гриппа 1918—1919 годов — отчасти из-за того, что новозеландские власти не смогли обеспечить карантин. В начале 1920-х жители Западного Самоа основали патриотическую организацию «Мау» («Мнение») с лозунгом «Самоа для самоанцев», представлявшую собой ненасильственное народное движение против плохого обращения новозеландской администрации с народом Самоа.

=== Само ===
Карточка:
Дата рождения: не ранее 558 и не позднее 623
Дата смерти: 658
Место рождения: Санс, Франция
Рождение: не ранее 558 и не позднее 623 Санс, Франция или county of Sundgau
Деятельность: правительство
Само Са́мо (ум. в 658) — первый известный по имени славянский князь, основатель государства Само. Биография Согласно хронике Фредегара, Само был франкским торговцем из Сенонской области. Он возглавил восстание славян (венедов) против Аварского каганата, был избран королём (военным вождем) и, в итоге, выиграл войну. В хронике Фредегара это событие относится к 623 году. Гипотезу о франкском происхождении Само поддерживают не все источники. Так поздняя традиция, записанная в созданном около 870 года в Баварии тексте «Обращение баваров и хорутан» (лат. «Conversio Bagoariorum et Carantanorum»), называет Само славянином: «Во времена 

=== КОНЕЦ ВЫДЕРЖЕК ===

Вопрос: почему Байкал самое глубокое озеро
===== REPLY 2026-09-07 07:36:16.702 q=почему Байкал самое глубокое озеро 80tok 20777ms =====
Байкал — самое глубокое озеро на Земле, так как его дно лежит **1642 м** ниже уровня Мирового океана. Это делает материковую впадину Байкала одной из самых глобальных по объёму и природных формаций с пресной водой

===== PROMPT 2026-09-07 07:36:22.401 q=почему Байкал самое глубокое озеро =====
--- system (390 chars) ---
Ты — полезный ассистент. Отвечай содержательно и на русском языке. Если не знаешь точно — напиши «не знаю» вместо догадок. Не повторяй одну и ту же мысль или слово.

Дай развёрнутый, законченный ответ объёмом примерно 400 слов (не обрывай на полуслове). Структурируй ответ в Markdown: короткие абзацы, при необходимости подзаголовки (##), маркированные списки и **жирным** выделяй ключевое.
--- msg[0] user (34 chars) ---
почему Байкал самое глубокое озеро
--- msg[1] assistant (357 chars) ---
Байкал считается самым глубоким озером мира, так как его самая глубокая точка находится на **1642 метра** ниже уровня моря. Это делает дно Байкала материковой впадиной глубже других известных геологических формаций (включая Марианскую/Филиппинский желобки). Его объём воды — 23 600 км³ — соответствует мировому рекам Миссисипи и Нилу вместе взятых за месяц.
--- msg[2] user (34 chars) ---
почему Байкал самое глубокое озеро
--- msg[3] assistant (249 chars) ---
Байкал — самое глубокое озеро на Земле, так как его дно лежит **1642 м** ниже уровня Мирового океана. Это делает материковую впадину Байкала одной из самых глобальных по объёму (в 8 раз больше Марианского желоба) и природных формаций с пресной водой
--- msg[4] user (34 chars) ---
почему Байкал самое глубокое озеро
--- msg[5] assistant (213 chars) ---
Байкал — самое глубокое озеро на Земле, так как его дно лежит **1642 м** ниже уровня Мирового океана. Это делает материковую впадину Байкала одной из самых глобальных по объёму и природных формаций с пресной водой
--- msg[6] user (5235 chars) ---
Тебе даны выдержки из Википедии. Отвечай на их основе. Ответь коротко и по существу: 1–3 предложения, только то, о чём спрашивают. Не пересказывай выдержки, не добавляй посторонние факты и не нумеруй пункты, если вопрос не про перечень. Если вопрос требует сравнения двух и более вещей — до 5 предложений. Если в выдержках совсем нет нужной информации — скажи «не знаю по приведённым выдержкам». Отвечай на русском языке.

=== ВЫДЕРЖКИ ИЗ ВИКИ ===
=== Байкал ===
Карточка:
Страна: Россия
Абсолютная высота: 456—457 м
Размеры: 636 × 79,5 км
Площадь: 31 722 км²
Объём: 23 615,39 км³
Береговая линия: 2000 км
Наибольшая глубина: 1642 м
Средняя глубина: 744,4 м
Тип минерализации: Пресное
Солёность: 0,120 ‰
Прозрачность: 40 м
Площадь бассейна: 571 000 км²
Байкал Байка́л (бур. Байгал далай) — озеро тектонического происхождения в южной части Восточной Сибири площадью 31 722 км². Самое глубокое озеро на планете, крупнейший природный резервуар пресной воды и самое большое по площади пресноводное озеро Евразии. … Дно Байкала в самой глубокой его части на 1187 метров ниже уровня Мирового океана. … Глубины См. также: Список глубочайших озёр мира и Список глубочайших озёр России Байкал — самое глубокое озеро на Земле. … Если учесть, что водная гладь озера находится на высоте 456 м над уровнем моря, то нижняя точка котловины лежит на 1186 м ниже уровня мирового океана, что делает чашу Байкала также одной из самых глубоких материковых впадин. … Самый крупный из них — Ольхон (71 км в длину и 12 км в ширину, расположен почти в центре озера у его западного побережья, площадь — 729 км², по другим данным — 700 км²). … В частности, деятельность грязевых вулканов на дне озера позволяет учёным предполагать, что современной береговой линии Байкала всего лишь 8 тысяч лет, а глубоководной части — 150 тысяч лет.

=== Глубокое озеро ===
Глубокое озеро Глубо́кое о́зеро: Беларусь Глубокое озеро — озеро в Полоцком районе Витебской области. Россия Карелия Глубокое озеро — озеро в Кемском районе Республики Карелии. Глубокое — озеро в Лоухском районе Республики Карелии. Красноярский край Глубокое озеро — крупное озеро на севере Красноярского края, в 55 км к востоку от Норильска, бассейн Пясины. Другое название озера — Омук-Кюёль. Глубокое озеро — озеро на севере Красноярского края, на Лишнем острове в архипелаге Северная Земля. Координаты: 79°11′27″ с. ш. 103°21′00″ в. д.. Ленинградская область Глубокое озеро — одно из самых больших озёр на Карельском перешейке, в Выборгском районе Ленинградской области, бассейн реки Вуоксы. Глубокое озеро — озеро в Кингисеппском районе Ленинградской области, бассейн реки Хаболовки. Московская область Глубокое озеро — озеро в Рузском районе Московской области, бассейн Истры. Глубокое озеро — озеро в Шатурском районе на востоке Московской области. … См. также Глубокое (значения) Deep Lake (англ.) Байкал — самое глубокое озеро на Земле.

=== Самоа ===
Карточка:
Столица: Апиа
Валюта: самоанская тала
Часовой пояс: UTC+13
Дата независимости: 1 января 1962 года (от Новой Зеландии)
Официальные языки: самоанский и английский
Форма правления: парламентская республика
О ле Ао О ле Мало: Туималеалиифано Ваалетоа Суалауви
Премьер-министр: Лааули Леуатеа Шмидт
• Всего: 2832 км² (166-я в мире)
• % водной поверхности: 0,3
• Оценка: 205 557 чел. (176-е)
• Плотность: 70 чел./км²
Самоа Не следует путать с Американским Самоа — владением США в восточной части архипелага Самоа. Само́а (самоан. Sāmoa, англ. Samoa [səˈmoʊə]), официальное название — Незави́симое госуда́рство Само́а (самоан. Malo Sa’oloto Tuto’atasi o Samoa, англ. … Вершины на двух крупных островах прорезаны глубокими ущельями, в которых расположены широкие долины. … Самоа в XX веке 29 августа 1914 года новозеландский отряд численностью 1374 человека с целью захвата германской радиостанции высадился на Уполу. Не получив отпора от немцев, новозеландцы быстро овладели островами. … Приблизительно пятая часть населения Самоа умерла в результате эпидемии гриппа 1918—1919 годов — отчасти из-за того, что новозеландские власти не смогли обеспечить карантин. В начале 1920-х жители Западного Самоа основали патриотическую организацию «Мау» («Мнение») с лозунгом «Самоа для самоанцев», представлявшую собой ненасильственное народное движение против плохого обращения новозеландской администрации с народом Самоа.

=== Само ===
Карточка:
Дата рождения: не ранее 558 и не позднее 623
Дата смерти: 658
Место рождения: Санс, Франция
Рождение: не ранее 558 и не позднее 623 Санс, Франция или county of Sundgau
Деятельность: правительство
Само Са́мо (ум. в 658) — первый известный по имени славянский князь, основатель государства Само. Биография Согласно хронике Фредегара, Само был франкским торговцем из Сенонской области. Он возглавил восстание славян (венедов) против Аварского каганата, был избран королём (военным вождем) и, в итоге, выиграл войну. В хронике Фредегара это событие относится к 623 году. Гипотезу о франкском происхождении Само поддерживают не все источники. Так поздняя традиция, записанная в созданном около 870 года в Баварии тексте «Обращение баваров и хорутан» (лат. «Conversio Bagoariorum et Carantanorum»), называет Само славянином: «Во времена 

=== КОНЕЦ ВЫДЕРЖЕК ===

Вопрос: почему Байкал самое глубокое озеро
===== REPLY 2026-09-07 07:36:42.508 q=почему Байкал самое глубокое озеро 80tok 20954ms =====
Байкал считается самым глубоким озером на Земле, так как его дно лежит **1642 м ниже уровня Мирового океана**. Это делает материковую впадину Байкала одной из самых глобальных по объёму и природных формаций с пресной водой

===== PROMPT 2026-09-07 07:36:48.000 q=почему Байкал самое глубокое озеро =====
--- system (390 chars) ---
Ты — полезный ассистент. Отвечай содержательно и на русском языке. Если не знаешь точно — напиши «не знаю» вместо догадок. Не повторяй одну и ту же мысль или слово.

Дай развёрнутый, законченный ответ объёмом примерно 400 слов (не обрывай на полуслове). Структурируй ответ в Markdown: короткие абзацы, при необходимости подзаголовки (##), маркированные списки и **жирным** выделяй ключевое.
--- msg[0] user (34 chars) ---
почему Байкал самое глубокое озеро
--- msg[1] assistant (249 chars) ---
Байкал — самое глубокое озеро на Земле, так как его дно лежит **1642 м** ниже уровня Мирового океана. Это делает материковую впадину Байкала одной из самых глобальных по объёму (в 8 раз больше Марианского желоба) и природных формаций с пресной водой
--- msg[2] user (34 chars) ---
почему Байкал самое глубокое озеро
--- msg[3] assistant (213 chars) ---
Байкал — самое глубокое озеро на Земле, так как его дно лежит **1642 м** ниже уровня Мирового океана. Это делает материковую впадину Байкала одной из самых глобальных по объёму и природных формаций с пресной водой
--- msg[4] user (34 chars) ---
почему Байкал самое глубокое озеро
--- msg[5] assistant (222 chars) ---
Байкал считается самым глубоким озером на Земле, так как его дно лежит **1642 м ниже уровня Мирового океана**. Это делает материковую впадину Байкала одной из самых глобальных по объёму и природных формаций с пресной водой
--- msg[6] user (5235 chars) ---
Тебе даны выдержки из Википедии. Отвечай на их основе. Ответь коротко и по существу: 1–3 предложения, только то, о чём спрашивают. Не пересказывай выдержки, не добавляй посторонние факты и не нумеруй пункты, если вопрос не про перечень. Если вопрос требует сравнения двух и более вещей — до 5 предложений. Если в выдержках совсем нет нужной информации — скажи «не знаю по приведённым выдержкам». Отвечай на русском языке.

=== ВЫДЕРЖКИ ИЗ ВИКИ ===
=== Байкал ===
Карточка:
Страна: Россия
Абсолютная высота: 456—457 м
Размеры: 636 × 79,5 км
Площадь: 31 722 км²
Объём: 23 615,39 км³
Береговая линия: 2000 км
Наибольшая глубина: 1642 м
Средняя глубина: 744,4 м
Тип минерализации: Пресное
Солёность: 0,120 ‰
Прозрачность: 40 м
Площадь бассейна: 571 000 км²
Байкал Байка́л (бур. Байгал далай) — озеро тектонического происхождения в южной части Восточной Сибири площадью 31 722 км². Самое глубокое озеро на планете, крупнейший природный резервуар пресной воды и самое большое по площади пресноводное озеро Евразии. … Дно Байкала в самой глубокой его части на 1187 метров ниже уровня Мирового океана. … Глубины См. также: Список глубочайших озёр мира и Список глубочайших озёр России Байкал — самое глубокое озеро на Земле. … Если учесть, что водная гладь озера находится на высоте 456 м над уровнем моря, то нижняя точка котловины лежит на 1186 м ниже уровня мирового океана, что делает чашу Байкала также одной из самых глубоких материковых впадин. … Самый крупный из них — Ольхон (71 км в длину и 12 км в ширину, расположен почти в центре озера у его западного побережья, площадь — 729 км², по другим данным — 700 км²). … В частности, деятельность грязевых вулканов на дне озера позволяет учёным предполагать, что современной береговой линии Байкала всего лишь 8 тысяч лет, а глубоководной части — 150 тысяч лет.

=== Глубокое озеро ===
Глубокое озеро Глубо́кое о́зеро: Беларусь Глубокое озеро — озеро в Полоцком районе Витебской области. Россия Карелия Глубокое озеро — озеро в Кемском районе Республики Карелии. Глубокое — озеро в Лоухском районе Республики Карелии. Красноярский край Глубокое озеро — крупное озеро на севере Красноярского края, в 55 км к востоку от Норильска, бассейн Пясины. Другое название озера — Омук-Кюёль. Глубокое озеро — озеро на севере Красноярского края, на Лишнем острове в архипелаге Северная Земля. Координаты: 79°11′27″ с. ш. 103°21′00″ в. д.. Ленинградская область Глубокое озеро — одно из самых больших озёр на Карельском перешейке, в Выборгском районе Ленинградской области, бассейн реки Вуоксы. Глубокое озеро — озеро в Кингисеппском районе Ленинградской области, бассейн реки Хаболовки. Московская область Глубокое озеро — озеро в Рузском районе Московской области, бассейн Истры. Глубокое озеро — озеро в Шатурском районе на востоке Московской области. … См. также Глубокое (значения) Deep Lake (англ.) Байкал — самое глубокое озеро на Земле.

=== Самоа ===
Карточка:
Столица: Апиа
Валюта: самоанская тала
Часовой пояс: UTC+13
Дата независимости: 1 января 1962 года (от Новой Зеландии)
Официальные языки: самоанский и английский
Форма правления: парламентская республика
О ле Ао О ле Мало: Туималеалиифано Ваалетоа Суалауви
Премьер-министр: Лааули Леуатеа Шмидт
• Всего: 2832 км² (166-я в мире)
• % водной поверхности: 0,3
• Оценка: 205 557 чел. (176-е)
• Плотность: 70 чел./км²
Самоа Не следует путать с Американским Самоа — владением США в восточной части архипелага Самоа. Само́а (самоан. Sāmoa, англ. Samoa [səˈmoʊə]), официальное название — Незави́симое госуда́рство Само́а (самоан. Malo Sa’oloto Tuto’atasi o Samoa, англ. … Вершины на двух крупных островах прорезаны глубокими ущельями, в которых расположены широкие долины. … Самоа в XX веке 29 августа 1914 года новозеландский отряд численностью 1374 человека с целью захвата германской радиостанции высадился на Уполу. Не получив отпора от немцев, новозеландцы быстро овладели островами. … Приблизительно пятая часть населения Самоа умерла в результате эпидемии гриппа 1918—1919 годов — отчасти из-за того, что новозеландские власти не смогли обеспечить карантин. В начале 1920-х жители Западного Самоа основали патриотическую организацию «Мау» («Мнение») с лозунгом «Самоа для самоанцев», представлявшую собой ненасильственное народное движение против плохого обращения новозеландской администрации с народом Самоа.

=== Само ===
Карточка:
Дата рождения: не ранее 558 и не позднее 623
Дата смерти: 658
Место рождения: Санс, Франция
Рождение: не ранее 558 и не позднее 623 Санс, Франция или county of Sundgau
Деятельность: правительство
Само Са́мо (ум. в 658) — первый известный по имени славянский князь, основатель государства Само. Биография Согласно хронике Фредегара, Само был франкским торговцем из Сенонской области. Он возглавил восстание славян (венедов) против Аварского каганата, был избран королём (военным вождем) и, в итоге, выиграл войну. В хронике Фредегара это событие относится к 623 году. Гипотезу о франкском происхождении Само поддерживают не все источники. Так поздняя традиция, записанная в созданном около 870 года в Баварии тексте «Обращение баваров и хорутан» (лат. «Conversio Bagoariorum et Carantanorum»), называет Само славянином: «Во времена 

=== КОНЕЦ ВЫДЕРЖЕК ===

Вопрос: почему Байкал самое глубокое озеро
===== REPLY 2026-09-07 07:37:08.106 q=почему Байкал самое глубокое озеро 80tok 20958ms =====
Байкал считается самым глубоким озером на Земле, так как его дно лежит **1642 м ниже уровня Мирового океана**. Это делает материковую впадину Байкала одной из самых глобальных по объёму и природных формаций с пресной водой
